// Jest Snapshot v1, https://goo.gl/fbAQLP

exports[`Pruebas en <FirtsApp2/> debe de hacer match con el snapshot 1`] = `
<div>
  <h1
    data-testid="test-title"
  >
    Hola, que hay de tu vida
  </h1>
  <h2>
    No hay Subtitulo
  </h2>
  <h2>
    No hay Subtitulo
  </h2>
  <h3>
    Gabriel
  </h3>
  <h3>
    Mancilla Ducuara
  </h3>
</div>
`;
